FILE_TYPE=LIBRARY_PARTS;
PRIMITIVE 'MCS0630_100MN1','MCS0630_100MN1_Inductors Precision Moulded';
  PIN
    '1':
      PIN_NUMBER='(1)';
      NO_LOAD_CHECK=BOTH;
      NO_IO_CHECK=BOTH;
      ALLOW_CONNECT=TRUE;
      PINUSE='UNSPEC';
    '2':
      PIN_NUMBER='(2)';
      NO_LOAD_CHECK=BOTH;
      NO_IO_CHECK=BOTH;
      ALLOW_CONNECT=TRUE;
      PINUSE='UNSPEC';
  END_PIN;
  BODY
    PART_NAME='MCS0630_100MN1';
    PHYS_DES_PREFIX='L';
    NO_LOAD_CHECK='TRUE';
    PIN_COUNT='2';
    BODY_NAME='MCS0630_100MN1';
    JEDEC_TYPE='INDPM7366X300N';
  END_BODY;
END_PRIMITIVE;
END.
